=== prior0p0_seed0_SMALL exit=0 hours=1.05 ===
 step=2436 loss=0.5482 steps_s=0.67
[prior0p0_seed0_SMALL] step=2437 loss=0.728 steps_s=0.67
[prior0p0_seed0_SMALL] step=2438 loss=0.6447 steps_s=0.67
[prior0p0_seed0_SMALL] step=2439 loss=0.5907 steps_s=0.67
[prior0p0_seed0_SMALL] step=2440 loss=0.6243 steps_s=0.67
[prior0p0_seed0_SMALL] step=2441 loss=0.6735 steps_s=0.67
[prior0p0_seed0_SMALL] step=2442 loss=0.4575 steps_s=0.67
[prior0p0_seed0_SMALL] step=2443 loss=0.6484 steps_s=0.67
[prior0p0_seed0_SMALL] step=2444 loss=0.7036 steps_s=0.67
[prior0p0_seed0_SMALL] step=2445 loss=0.6748 steps_s=0.67
[prior0p0_seed0_SMALL] step=2446 loss=0.5791 steps_s=0.67
[prior0p0_seed0_SMALL] step=2447 loss=0.7815 steps_s=0.67
[prior0p0_seed0_SMALL] step=2448 loss=0.6845 steps_s=0.67
[prior0p0_seed0_SMALL] step=2449 loss=0.5869 steps_s=0.67
[prior0p0_seed0_SMALL] step=2450 loss=0.5905 steps_s=0.67
[prior0p0_seed0_SMALL] step=2451 loss=0.7016 steps_s=0.67
[prior0p0_seed0_SMALL] step=2452 loss=0.5222 steps_s=0.67
[prior0p0_seed0_SMALL] step=2453 loss=0.5568 steps_s=0.67
[prior0p0_seed0_SMALL] step=2454 loss=0.6206 steps_s=0.67
[prior0p0_seed0_SMALL] step=2455 loss=0.5269 steps_s=0.67
[prior0p0_seed0_SMALL] step=2456 loss=0.7295 steps_s=0.67
[prior0p0_seed0_SMALL] step=2457 loss=0.4818 steps_s=0.67
[prior0p0_seed0_SMALL] step=2458 loss=0.645 steps_s=0.67
[prior0p0_seed0_SMALL] step=2459 loss=0.6546 steps_s=0.67
[prior0p0_seed0_SMALL] step=2460 loss=0.6425 steps_s=0.67
[prior0p0_seed0_SMALL] step=2461 loss=0.5673 steps_s=0.67
[prior0p0_seed0_SMALL] step=2462 loss=0.4878 steps_s=0.67
[prior0p0_seed0_SMALL] step=2463 loss=0.4369 steps_s=0.67
[prior0p0_seed0_SMALL] step=2464 loss=0.5674 steps_s=0.67
[prior0p0_seed0_SMALL] step=2465 loss=0.6972 steps_s=0.67
[prior0p0_seed0_SMALL] step=2466 loss=0.4938 steps_s=0.67
[prior0p0_seed0_SMALL] step=2467 loss=0.5829 steps_s=0.67
[prior0p0_seed0_SMALL] step=2468 loss=0.474 steps_s=0.67
[prior0p0_seed0_SMALL] step=2469 loss=0.4695 steps_s=0.67
[prior0p0_seed0_SMALL] step=2470 loss=0.6727 steps_s=0.67
[prior0p0_seed0_SMALL] step=2471 loss=0.5944 steps_s=0.67
[prior0p0_seed0_SMALL] step=2472 loss=0.5031 steps_s=0.67
[prior0p0_seed0_SMALL] step=2473 loss=0.7082 steps_s=0.67
[prior0p0_seed0_SMALL] step=2474 loss=0.5042 steps_s=0.67
[prior0p0_seed0_SMALL] step=2475 loss=0.7654 steps_s=0.67
[prior0p0_seed0_SMALL] step=2476 loss=0.6797 steps_s=0.67
[prior0p0_seed0_SMALL] step=2477 loss=0.675 steps_s=0.67
[prior0p0_seed0_SMALL] step=2478 loss=0.5047 steps_s=0.67
[prior0p0_seed0_SMALL] step=2479 loss=0.7375 steps_s=0.67
[prior0p0_seed0_SMALL] step=2480 loss=0.6586 steps_s=0.67
[prior0p0_seed0_SMALL] step=2481 loss=0.6659 steps_s=0.67
[prior0p0_seed0_SMALL] step=2482 loss=0.6656 steps_s=0.67
[prior0p0_seed0_SMALL] step=2483 loss=0.5218 steps_s=0.67
[prior0p0_seed0_SMALL] step=2484 loss=0.6315 steps_s=0.67
[prior0p0_seed0_SMALL] step=2485 loss=0.5906 steps_s=0.66
[prior0p0_seed0_SMALL] step=2486 loss=0.6899 steps_s=0.66
[prior0p0_seed0_SMALL] step=2487 loss=0.5325 steps_s=0.66
[prior0p0_seed0_SMALL] step=2488 loss=0.5979 steps_s=0.66
[prior0p0_seed0_SMALL] step=2489 loss=0.4653 steps_s=0.66
[prior0p0_seed0_SMALL] step=2490 loss=0.5071 steps_s=0.66
[prior0p0_seed0_SMALL] step=2491 loss=0.5904 steps_s=0.66
[prior0p0_seed0_SMALL] step=2492 loss=0.4748 steps_s=0.66
[prior0p0_seed0_SMALL] step=2493 loss=0.6492 steps_s=0.66
[prior0p0_seed0_SMALL] step=2494 loss=0.6051 steps_s=0.66
[prior0p0_seed0_SMALL] step=2495 loss=0.5726 steps_s=0.66
[prior0p0_seed0_SMALL] step=2496 loss=0.5404 steps_s=0.66
[prior0p0_seed0_SMALL] step=2497 loss=0.5764 steps_s=0.66
[prior0p0_seed0_SMALL] step=2498 loss=0.4184 steps_s=0.66
[prior0p0_seed0_SMALL] step=2499 loss=0.7755 steps_s=0.66
[prior0p0_seed0_SMALL] step=2500 loss=0.4779 steps_s=0.66
[prior0p0_seed0_SMALL] step=2500 dev={'australian_credit': {'log_loss': 0.7529, 'roc_auc': 0.4955}, 'credit_approval': {'log_loss': 0.8595, 'roc_auc': 0.5006}, 'polish_bankruptcy': {'log_loss': 0.3604, 'roc_auc': 0.4935}} ckpt=2500
[prior0p0_seed0_SMALL] 
=== prior0p0_seed1_SMALL exit=0 hours=1.63 ===
] step=2436 loss=0.5707 steps_s=0.42
[prior0p0_seed1_SMALL] step=2437 loss=0.4994 steps_s=0.42
[prior0p0_seed1_SMALL] step=2438 loss=0.6072 steps_s=0.42
[prior0p0_seed1_SMALL] step=2439 loss=0.7075 steps_s=0.42
[prior0p0_seed1_SMALL] step=2440 loss=0.7505 steps_s=0.42
[prior0p0_seed1_SMALL] step=2441 loss=0.6676 steps_s=0.42
[prior0p0_seed1_SMALL] step=2442 loss=0.4391 steps_s=0.42
[prior0p0_seed1_SMALL] step=2443 loss=0.696 steps_s=0.42
[prior0p0_seed1_SMALL] step=2444 loss=0.5866 steps_s=0.42
[prior0p0_seed1_SMALL] step=2445 loss=0.5205 steps_s=0.42
[prior0p0_seed1_SMALL] step=2446 loss=0.467 steps_s=0.42
[prior0p0_seed1_SMALL] step=2447 loss=0.4455 steps_s=0.42
[prior0p0_seed1_SMALL] step=2448 loss=0.5118 steps_s=0.42
[prior0p0_seed1_SMALL] step=2449 loss=0.5538 steps_s=0.42
[prior0p0_seed1_SMALL] step=2450 loss=0.7239 steps_s=0.42
[prior0p0_seed1_SMALL] step=2451 loss=0.7547 steps_s=0.42
[prior0p0_seed1_SMALL] step=2452 loss=0.583 steps_s=0.42
[prior0p0_seed1_SMALL] step=2453 loss=0.6945 steps_s=0.42
[prior0p0_seed1_SMALL] step=2454 loss=0.4643 steps_s=0.42
[prior0p0_seed1_SMALL] step=2455 loss=0.6167 steps_s=0.42
[prior0p0_seed1_SMALL] step=2456 loss=0.4257 steps_s=0.42
[prior0p0_seed1_SMALL] step=2457 loss=0.6751 steps_s=0.42
[prior0p0_seed1_SMALL] step=2458 loss=0.4284 steps_s=0.42
[prior0p0_seed1_SMALL] step=2459 loss=0.4535 steps_s=0.42
[prior0p0_seed1_SMALL] step=2460 loss=0.4804 steps_s=0.43
[prior0p0_seed1_SMALL] step=2461 loss=0.6877 steps_s=0.43
[prior0p0_seed1_SMALL] step=2462 loss=0.6295 steps_s=0.43
[prior0p0_seed1_SMALL] step=2463 loss=0.4808 steps_s=0.43
[prior0p0_seed1_SMALL] step=2464 loss=0.6896 steps_s=0.43
[prior0p0_seed1_SMALL] step=2465 loss=0.6195 steps_s=0.43
[prior0p0_seed1_SMALL] step=2466 loss=0.5298 steps_s=0.43
[prior0p0_seed1_SMALL] step=2467 loss=0.5251 steps_s=0.43
[prior0p0_seed1_SMALL] step=2468 loss=0.7426 steps_s=0.43
[prior0p0_seed1_SMALL] step=2469 loss=0.5186 steps_s=0.43
[prior0p0_seed1_SMALL] step=2470 loss=0.528 steps_s=0.43
[prior0p0_seed1_SMALL] step=2471 loss=0.7631 steps_s=0.43
[prior0p0_seed1_SMALL] step=2472 loss=0.4584 steps_s=0.43
[prior0p0_seed1_SMALL] step=2473 loss=0.6134 steps_s=0.43
[prior0p0_seed1_SMALL] step=2474 loss=0.6017 steps_s=0.43
[prior0p0_seed1_SMALL] step=2475 loss=0.6798 steps_s=0.43
[prior0p0_seed1_SMALL] step=2476 loss=0.5513 steps_s=0.43
[prior0p0_seed1_SMALL] step=2477 loss=0.6785 steps_s=0.43
[prior0p0_seed1_SMALL] step=2478 loss=0.4805 steps_s=0.43
[prior0p0_seed1_SMALL] step=2479 loss=0.5342 steps_s=0.43
[prior0p0_seed1_SMALL] step=2480 loss=0.6182 steps_s=0.43
[prior0p0_seed1_SMALL] step=2481 loss=0.6058 steps_s=0.43
[prior0p0_seed1_SMALL] step=2482 loss=0.6093 steps_s=0.43
[prior0p0_seed1_SMALL] step=2483 loss=0.5247 steps_s=0.43
[prior0p0_seed1_SMALL] step=2484 loss=0.6787 steps_s=0.43
[prior0p0_seed1_SMALL] step=2485 loss=0.6163 steps_s=0.43
[prior0p0_seed1_SMALL] step=2486 loss=0.5117 steps_s=0.43
[prior0p0_seed1_SMALL] step=2487 loss=0.5565 steps_s=0.43
[prior0p0_seed1_SMALL] step=2488 loss=0.4121 steps_s=0.43
[prior0p0_seed1_SMALL] step=2489 loss=0.6098 steps_s=0.43
[prior0p0_seed1_SMALL] step=2490 loss=0.5168 steps_s=0.43
[prior0p0_seed1_SMALL] step=2491 loss=0.7892 steps_s=0.43
[prior0p0_seed1_SMALL] step=2492 loss=0.5906 steps_s=0.43
[prior0p0_seed1_SMALL] step=2493 loss=0.6785 steps_s=0.43
[prior0p0_seed1_SMALL] step=2494 loss=0.6625 steps_s=0.43
[prior0p0_seed1_SMALL] step=2495 loss=0.539 steps_s=0.43
[prior0p0_seed1_SMALL] step=2496 loss=0.6856 steps_s=0.43
[prior0p0_seed1_SMALL] step=2497 loss=0.4544 steps_s=0.43
[prior0p0_seed1_SMALL] step=2498 loss=0.5291 steps_s=0.43
[prior0p0_seed1_SMALL] step=2499 loss=0.4455 steps_s=0.43
[prior0p0_seed1_SMALL] step=2500 loss=0.6873 steps_s=0.43
[prior0p0_seed1_SMALL] step=2500 dev={'australian_credit': {'log_loss': 0.7543, 'roc_auc': 0.4797}, 'credit_approval': {'log_loss': 0.8618, 'roc_auc': 0.5186}, 'polish_bankruptcy': {'log_loss': 0.3585, 'roc_auc': 0.5715}} ckpt=2500
[prior0p0_seed1_SMALL] 
=== prior0p0_seed0_SMALL_100x50 exit=0 hours=0.78 ===
0x50] step=2443 loss=0.5499 steps_s=0.88
[prior0p0_seed0_SMALL_100x50] step=2444 loss=0.5866 steps_s=0.88
[prior0p0_seed0_SMALL_100x50] step=2445 loss=0.5852 steps_s=0.88
[prior0p0_seed0_SMALL_100x50] step=2446 loss=0.5997 steps_s=0.88
[prior0p0_seed0_SMALL_100x50] step=2447 loss=0.5767 steps_s=0.88
[prior0p0_seed0_SMALL_100x50] step=2448 loss=0.5482 steps_s=0.88
[prior0p0_seed0_SMALL_100x50] step=2449 loss=0.5861 steps_s=0.88
[prior0p0_seed0_SMALL_100x50] step=2450 loss=0.602 steps_s=0.88
[prior0p0_seed0_SMALL_100x50] step=2451 loss=0.6 steps_s=0.88
[prior0p0_seed0_SMALL_100x50] step=2452 loss=0.6176 steps_s=0.88
[prior0p0_seed0_SMALL_100x50] step=2453 loss=0.6368 steps_s=0.88
[prior0p0_seed0_SMALL_100x50] step=2454 loss=0.5961 steps_s=0.88
[prior0p0_seed0_SMALL_100x50] step=2455 loss=0.607 steps_s=0.88
[prior0p0_seed0_SMALL_100x50] step=2456 loss=0.586 steps_s=0.89
[prior0p0_seed0_SMALL_100x50] step=2457 loss=0.5543 steps_s=0.89
[prior0p0_seed0_SMALL_100x50] step=2458 loss=0.573 steps_s=0.89
[prior0p0_seed0_SMALL_100x50] step=2459 loss=0.6284 steps_s=0.89
[prior0p0_seed0_SMALL_100x50] step=2460 loss=0.5922 steps_s=0.89
[prior0p0_seed0_SMALL_100x50] step=2461 loss=0.5965 steps_s=0.89
[prior0p0_seed0_SMALL_100x50] step=2462 loss=0.5736 steps_s=0.89
[prior0p0_seed0_SMALL_100x50] step=2463 loss=0.5816 steps_s=0.89
[prior0p0_seed0_SMALL_100x50] step=2464 loss=0.5852 steps_s=0.89
[prior0p0_seed0_SMALL_100x50] step=2465 loss=0.5733 steps_s=0.89
[prior0p0_seed0_SMALL_100x50] step=2466 loss=0.6195 steps_s=0.89
[prior0p0_seed0_SMALL_100x50] step=2467 loss=0.6017 steps_s=0.89
[prior0p0_seed0_SMALL_100x50] step=2468 loss=0.6257 steps_s=0.89
[prior0p0_seed0_SMALL_100x50] step=2469 loss=0.6117 steps_s=0.89
[prior0p0_seed0_SMALL_100x50] step=2470 loss=0.5902 steps_s=0.89
[prior0p0_seed0_SMALL_100x50] step=2471 loss=0.6196 steps_s=0.89
[prior0p0_seed0_SMALL_100x50] step=2472 loss=0.5558 steps_s=0.89
[prior0p0_seed0_SMALL_100x50] step=2473 loss=0.5712 steps_s=0.89
[prior0p0_seed0_SMALL_100x50] step=2474 loss=0.575 steps_s=0.89
[prior0p0_seed0_SMALL_100x50] step=2475 loss=0.6084 steps_s=0.89
[prior0p0_seed0_SMALL_100x50] step=2476 loss=0.6101 steps_s=0.89
[prior0p0_seed0_SMALL_100x50] step=2477 loss=0.61 steps_s=0.89
[prior0p0_seed0_SMALL_100x50] step=2478 loss=0.5991 steps_s=0.89
[prior0p0_seed0_SMALL_100x50] step=2479 loss=0.5852 steps_s=0.89
[prior0p0_seed0_SMALL_100x50] step=2480 loss=0.6087 steps_s=0.89
[prior0p0_seed0_SMALL_100x50] step=2481 loss=0.5672 steps_s=0.89
[prior0p0_seed0_SMALL_100x50] step=2482 loss=0.5777 steps_s=0.89
[prior0p0_seed0_SMALL_100x50] step=2483 loss=0.5278 steps_s=0.89
[prior0p0_seed0_SMALL_100x50] step=2484 loss=0.6058 steps_s=0.89
[prior0p0_seed0_SMALL_100x50] step=2485 loss=0.6112 steps_s=0.89
[prior0p0_seed0_SMALL_100x50] step=2486 loss=0.5774 steps_s=0.89
[prior0p0_seed0_SMALL_100x50] step=2487 loss=0.56 steps_s=0.89
[prior0p0_seed0_SMALL_100x50] step=2488 loss=0.581 steps_s=0.89
[prior0p0_seed0_SMALL_100x50] step=2489 loss=0.5976 steps_s=0.89
[prior0p0_seed0_SMALL_100x50] step=2490 loss=0.6121 steps_s=0.89
[prior0p0_seed0_SMALL_100x50] step=2491 loss=0.5861 steps_s=0.89
[prior0p0_seed0_SMALL_100x50] step=2492 loss=0.5728 steps_s=0.89
[prior0p0_seed0_SMALL_100x50] step=2493 loss=0.5903 steps_s=0.89
[prior0p0_seed0_SMALL_100x50] step=2494 loss=0.579 steps_s=0.89
[prior0p0_seed0_SMALL_100x50] step=2495 loss=0.5989 steps_s=0.89
[prior0p0_seed0_SMALL_100x50] step=2496 loss=0.6007 steps_s=0.89
[prior0p0_seed0_SMALL_100x50] step=2497 loss=0.6203 steps_s=0.89
[prior0p0_seed0_SMALL_100x50] step=2498 loss=0.6075 steps_s=0.89
[prior0p0_seed0_SMALL_100x50] step=2499 loss=0.526 steps_s=0.89
[prior0p0_seed0_SMALL_100x50] step=2500 loss=0.5514 steps_s=0.89
[prior0p0_seed0_SMALL_100x50] step=2500 dev={'australian_credit': {'log_loss': 0.7555, 'roc_auc': 0.5233}, 'credit_approval': {'log_loss': 0.8637, 'roc_auc': 0.4814}, 'polish_bankruptcy': {'log_loss': 0.357, 'roc_auc': 0.5586}} ckpt=2500
[prior0p0_seed0_SMALL_100x50] 
=== prior0p0_seed1_SMALL_100x50 exit=0 hours=0.44 ===
loss=0.5521 steps_s=1.6
[prior0p0_seed1_SMALL_100x50] step=2443 loss=0.5616 steps_s=1.6
[prior0p0_seed1_SMALL_100x50] step=2444 loss=0.5979 steps_s=1.6
[prior0p0_seed1_SMALL_100x50] step=2445 loss=0.5887 steps_s=1.6
[prior0p0_seed1_SMALL_100x50] step=2446 loss=0.5677 steps_s=1.6
[prior0p0_seed1_SMALL_100x50] step=2447 loss=0.5775 steps_s=1.6
[prior0p0_seed1_SMALL_100x50] step=2448 loss=0.5852 steps_s=1.6
[prior0p0_seed1_SMALL_100x50] step=2449 loss=0.5877 steps_s=1.6
[prior0p0_seed1_SMALL_100x50] step=2450 loss=0.6244 steps_s=1.6
[prior0p0_seed1_SMALL_100x50] step=2451 loss=0.6179 steps_s=1.6
[prior0p0_seed1_SMALL_100x50] step=2452 loss=0.654 steps_s=1.6
[prior0p0_seed1_SMALL_100x50] step=2453 loss=0.6004 steps_s=1.6
[prior0p0_seed1_SMALL_100x50] step=2454 loss=0.5551 steps_s=1.6
[prior0p0_seed1_SMALL_100x50] step=2455 loss=0.5663 steps_s=1.6
[prior0p0_seed1_SMALL_100x50] step=2456 loss=0.6047 steps_s=1.6
[prior0p0_seed1_SMALL_100x50] step=2457 loss=0.5989 steps_s=1.6
[prior0p0_seed1_SMALL_100x50] step=2458 loss=0.6006 steps_s=1.6
[prior0p0_seed1_SMALL_100x50] step=2459 loss=0.5942 steps_s=1.6
[prior0p0_seed1_SMALL_100x50] step=2460 loss=0.5561 steps_s=1.6
[prior0p0_seed1_SMALL_100x50] step=2461 loss=0.5705 steps_s=1.6
[prior0p0_seed1_SMALL_100x50] step=2462 loss=0.612 steps_s=1.6
[prior0p0_seed1_SMALL_100x50] step=2463 loss=0.5882 steps_s=1.6
[prior0p0_seed1_SMALL_100x50] step=2464 loss=0.5935 steps_s=1.6
[prior0p0_seed1_SMALL_100x50] step=2465 loss=0.5643 steps_s=1.6
[prior0p0_seed1_SMALL_100x50] step=2466 loss=0.5759 steps_s=1.6
[prior0p0_seed1_SMALL_100x50] step=2467 loss=0.6533 steps_s=1.6
[prior0p0_seed1_SMALL_100x50] step=2468 loss=0.5629 steps_s=1.6
[prior0p0_seed1_SMALL_100x50] step=2469 loss=0.5864 steps_s=1.6
[prior0p0_seed1_SMALL_100x50] step=2470 loss=0.5972 steps_s=1.6
[prior0p0_seed1_SMALL_100x50] step=2471 loss=0.5565 steps_s=1.6
[prior0p0_seed1_SMALL_100x50] step=2472 loss=0.5576 steps_s=1.6
[prior0p0_seed1_SMALL_100x50] step=2473 loss=0.5725 steps_s=1.6
[prior0p0_seed1_SMALL_100x50] step=2474 loss=0.5985 steps_s=1.6
[prior0p0_seed1_SMALL_100x50] step=2475 loss=0.6251 steps_s=1.6
[prior0p0_seed1_SMALL_100x50] step=2476 loss=0.6119 steps_s=1.6
[prior0p0_seed1_SMALL_100x50] step=2477 loss=0.6029 steps_s=1.6
[prior0p0_seed1_SMALL_100x50] step=2478 loss=0.6327 steps_s=1.6
[prior0p0_seed1_SMALL_100x50] step=2479 loss=0.5819 steps_s=1.6
[prior0p0_seed1_SMALL_100x50] step=2480 loss=0.5907 steps_s=1.6
[prior0p0_seed1_SMALL_100x50] step=2481 loss=0.5604 steps_s=1.6
[prior0p0_seed1_SMALL_100x50] step=2482 loss=0.5881 steps_s=1.6
[prior0p0_seed1_SMALL_100x50] step=2483 loss=0.62 steps_s=1.6
[prior0p0_seed1_SMALL_100x50] step=2484 loss=0.5662 steps_s=1.6
[prior0p0_seed1_SMALL_100x50] step=2485 loss=0.5845 steps_s=1.6
[prior0p0_seed1_SMALL_100x50] step=2486 loss=0.5912 steps_s=1.6
[prior0p0_seed1_SMALL_100x50] step=2487 loss=0.5929 steps_s=1.6
[prior0p0_seed1_SMALL_100x50] step=2488 loss=0.6128 steps_s=1.6
[prior0p0_seed1_SMALL_100x50] step=2489 loss=0.5877 steps_s=1.6
[prior0p0_seed1_SMALL_100x50] step=2490 loss=0.5683 steps_s=1.6
[prior0p0_seed1_SMALL_100x50] step=2491 loss=0.553 steps_s=1.6
[prior0p0_seed1_SMALL_100x50] step=2492 loss=0.5901 steps_s=1.6
[prior0p0_seed1_SMALL_100x50] step=2493 loss=0.5894 steps_s=1.6
[prior0p0_seed1_SMALL_100x50] step=2494 loss=0.5857 steps_s=1.6
[prior0p0_seed1_SMALL_100x50] step=2495 loss=0.5776 steps_s=1.6
[prior0p0_seed1_SMALL_100x50] step=2496 loss=0.5963 steps_s=1.6
[prior0p0_seed1_SMALL_100x50] step=2497 loss=0.5642 steps_s=1.6
[prior0p0_seed1_SMALL_100x50] step=2498 loss=0.5739 steps_s=1.6
[prior0p0_seed1_SMALL_100x50] step=2499 loss=0.5581 steps_s=1.6
[prior0p0_seed1_SMALL_100x50] step=2500 loss=0.5511 steps_s=1.6
[prior0p0_seed1_SMALL_100x50] step=2500 dev={'australian_credit': {'log_loss': 0.7514, 'roc_auc': 0.5072}, 'credit_approval': {'log_loss': 0.8569, 'roc_auc': 0.4537}, 'polish_bankruptcy': {'log_loss': 0.3626, 'roc_auc': 0.418}} ckpt=2500
[prior0p0_seed1_SMALL_100x50] 
=== prior0p0_seed2_SMALL_100x50 exit=0 hours=0.43 ===
2443 loss=0.593 steps_s=1.61
[prior0p0_seed2_SMALL_100x50] step=2444 loss=0.5859 steps_s=1.61
[prior0p0_seed2_SMALL_100x50] step=2445 loss=0.6094 steps_s=1.61
[prior0p0_seed2_SMALL_100x50] step=2446 loss=0.5885 steps_s=1.61
[prior0p0_seed2_SMALL_100x50] step=2447 loss=0.5907 steps_s=1.61
[prior0p0_seed2_SMALL_100x50] step=2448 loss=0.5789 steps_s=1.61
[prior0p0_seed2_SMALL_100x50] step=2449 loss=0.6122 steps_s=1.61
[prior0p0_seed2_SMALL_100x50] step=2450 loss=0.5685 steps_s=1.61
[prior0p0_seed2_SMALL_100x50] step=2451 loss=0.5659 steps_s=1.61
[prior0p0_seed2_SMALL_100x50] step=2452 loss=0.5937 steps_s=1.61
[prior0p0_seed2_SMALL_100x50] step=2453 loss=0.5863 steps_s=1.61
[prior0p0_seed2_SMALL_100x50] step=2454 loss=0.6193 steps_s=1.61
[prior0p0_seed2_SMALL_100x50] step=2455 loss=0.5835 steps_s=1.61
[prior0p0_seed2_SMALL_100x50] step=2456 loss=0.5792 steps_s=1.61
[prior0p0_seed2_SMALL_100x50] step=2457 loss=0.5924 steps_s=1.61
[prior0p0_seed2_SMALL_100x50] step=2458 loss=0.5822 steps_s=1.61
[prior0p0_seed2_SMALL_100x50] step=2459 loss=0.5901 steps_s=1.61
[prior0p0_seed2_SMALL_100x50] step=2460 loss=0.5693 steps_s=1.61
[prior0p0_seed2_SMALL_100x50] step=2461 loss=0.5919 steps_s=1.61
[prior0p0_seed2_SMALL_100x50] step=2462 loss=0.6059 steps_s=1.61
[prior0p0_seed2_SMALL_100x50] step=2463 loss=0.5576 steps_s=1.61
[prior0p0_seed2_SMALL_100x50] step=2464 loss=0.5441 steps_s=1.61
[prior0p0_seed2_SMALL_100x50] step=2465 loss=0.5738 steps_s=1.61
[prior0p0_seed2_SMALL_100x50] step=2466 loss=0.5827 steps_s=1.61
[prior0p0_seed2_SMALL_100x50] step=2467 loss=0.6052 steps_s=1.61
[prior0p0_seed2_SMALL_100x50] step=2468 loss=0.6351 steps_s=1.61
[prior0p0_seed2_SMALL_100x50] step=2469 loss=0.5922 steps_s=1.61
[prior0p0_seed2_SMALL_100x50] step=2470 loss=0.5865 steps_s=1.61
[prior0p0_seed2_SMALL_100x50] step=2471 loss=0.5792 steps_s=1.61
[prior0p0_seed2_SMALL_100x50] step=2472 loss=0.581 steps_s=1.61
[prior0p0_seed2_SMALL_100x50] step=2473 loss=0.5585 steps_s=1.61
[prior0p0_seed2_SMALL_100x50] step=2474 loss=0.5802 steps_s=1.61
[prior0p0_seed2_SMALL_100x50] step=2475 loss=0.6009 steps_s=1.61
[prior0p0_seed2_SMALL_100x50] step=2476 loss=0.5951 steps_s=1.61
[prior0p0_seed2_SMALL_100x50] step=2477 loss=0.5803 steps_s=1.61
[prior0p0_seed2_SMALL_100x50] step=2478 loss=0.5624 steps_s=1.61
[prior0p0_seed2_SMALL_100x50] step=2479 loss=0.5976 steps_s=1.61
[prior0p0_seed2_SMALL_100x50] step=2480 loss=0.5658 steps_s=1.61
[prior0p0_seed2_SMALL_100x50] step=2481 loss=0.5826 steps_s=1.61
[prior0p0_seed2_SMALL_100x50] step=2482 loss=0.5475 steps_s=1.61
[prior0p0_seed2_SMALL_100x50] step=2483 loss=0.5873 steps_s=1.61
[prior0p0_seed2_SMALL_100x50] step=2484 loss=0.6208 steps_s=1.61
[prior0p0_seed2_SMALL_100x50] step=2485 loss=0.6176 steps_s=1.61
[prior0p0_seed2_SMALL_100x50] step=2486 loss=0.6275 steps_s=1.61
[prior0p0_seed2_SMALL_100x50] step=2487 loss=0.6376 steps_s=1.61
[prior0p0_seed2_SMALL_100x50] step=2488 loss=0.5773 steps_s=1.61
[prior0p0_seed2_SMALL_100x50] step=2489 loss=0.6401 steps_s=1.61
[prior0p0_seed2_SMALL_100x50] step=2490 loss=0.6028 steps_s=1.61
[prior0p0_seed2_SMALL_100x50] step=2491 loss=0.5637 steps_s=1.61
[prior0p0_seed2_SMALL_100x50] step=2492 loss=0.6092 steps_s=1.61
[prior0p0_seed2_SMALL_100x50] step=2493 loss=0.58 steps_s=1.61
[prior0p0_seed2_SMALL_100x50] step=2494 loss=0.5605 steps_s=1.61
[prior0p0_seed2_SMALL_100x50] step=2495 loss=0.5742 steps_s=1.61
[prior0p0_seed2_SMALL_100x50] step=2496 loss=0.6103 steps_s=1.61
[prior0p0_seed2_SMALL_100x50] step=2497 loss=0.5959 steps_s=1.61
[prior0p0_seed2_SMALL_100x50] step=2498 loss=0.5726 steps_s=1.61
[prior0p0_seed2_SMALL_100x50] step=2499 loss=0.5779 steps_s=1.61
[prior0p0_seed2_SMALL_100x50] step=2500 loss=0.5993 steps_s=1.61
[prior0p0_seed2_SMALL_100x50] step=2500 dev={'australian_credit': {'log_loss': 0.752, 'roc_auc': 0.5158}, 'credit_approval': {'log_loss': 0.8581, 'roc_auc': 0.4597}, 'polish_bankruptcy': {'log_loss': 0.3617, 'roc_auc': 0.4746}} ckpt=2500
[prior0p0_seed2_SMALL_100x50] 
=== prior0p25_seed0_SMALL_100x50 exit=1 hours=0.51 ===
 step=619 loss=0.6144 steps_s=0.37
[prior0p25_seed0_SMALL_100x50] step=620 loss=0.589 steps_s=0.37
[prior0p25_seed0_SMALL_100x50] step=621 loss=0.5857 steps_s=0.37
[prior0p25_seed0_SMALL_100x50] step=622 loss=0.584 steps_s=0.37
[prior0p25_seed0_SMALL_100x50] step=623 loss=0.5751 steps_s=0.37
[prior0p25_seed0_SMALL_100x50] step=624 loss=0.5926 steps_s=0.37
[prior0p25_seed0_SMALL_100x50] step=625 loss=0.5679 steps_s=0.37
[prior0p25_seed0_SMALL_100x50] step=626 loss=0.6003 steps_s=0.37
[prior0p25_seed0_SMALL_100x50] step=627 loss=0.5751 steps_s=0.37
[prior0p25_seed0_SMALL_100x50] step=628 loss=0.5738 steps_s=0.37
[prior0p25_seed0_SMALL_100x50] step=629 loss=0.5816 steps_s=0.37
[prior0p25_seed0_SMALL_100x50] step=630 loss=0.5431 steps_s=0.37
[prior0p25_seed0_SMALL_100x50] step=631 loss=0.5657 steps_s=0.37
[prior0p25_seed0_SMALL_100x50] step=632 loss=0.5677 steps_s=0.37
[prior0p25_seed0_SMALL_100x50] step=633 loss=0.5684 steps_s=0.37
[prior0p25_seed0_SMALL_100x50] step=634 loss=0.5652 steps_s=0.37
[prior0p25_seed0_SMALL_100x50] step=635 loss=0.6311 steps_s=0.37
[prior0p25_seed0_SMALL_100x50] step=636 loss=0.5794 steps_s=0.37
[prior0p25_seed0_SMALL_100x50] step=637 loss=0.5462 steps_s=0.37
[prior0p25_seed0_SMALL_100x50] step=638 loss=0.5802 steps_s=0.37
[prior0p25_seed0_SMALL_100x50] step=639 loss=0.5795 steps_s=0.37
[prior0p25_seed0_SMALL_100x50] step=640 loss=0.5537 steps_s=0.37
[prior0p25_seed0_SMALL_100x50] step=641 loss=0.5957 steps_s=0.37
[prior0p25_seed0_SMALL_100x50] step=642 loss=0.5603 steps_s=0.37
[prior0p25_seed0_SMALL_100x50] step=643 loss=0.5678 steps_s=0.37
[prior0p25_seed0_SMALL_100x50] step=644 loss=0.5802 steps_s=0.37
[prior0p25_seed0_SMALL_100x50] step=645 loss=0.5593 steps_s=0.37
[prior0p25_seed0_SMALL_100x50] step=646 loss=0.5584 steps_s=0.37
[prior0p25_seed0_SMALL_100x50] step=647 loss=0.5598 steps_s=0.37
[prior0p25_seed0_SMALL_100x50] step=648 loss=0.6124 steps_s=0.37
[prior0p25_seed0_SMALL_100x50] step=649 loss=0.5383 steps_s=0.37
[prior0p25_seed0_SMALL_100x50] step=650 loss=0.5791 steps_s=0.37
[prior0p25_seed0_SMALL_100x50] step=651 loss=0.4921 steps_s=0.37
[prior0p25_seed0_SMALL_100x50] step=652 loss=0.6451 steps_s=0.37
[prior0p25_seed0_SMALL_100x50] step=653 loss=0.5487 steps_s=0.36
[prior0p25_seed0_SMALL_100x50] step=654 loss=0.5622 steps_s=0.36
[prior0p25_seed0_SMALL_100x50] step=655 loss=0.5514 steps_s=0.36
[prior0p25_seed0_SMALL_100x50] step=656 loss=0.5721 steps_s=0.36
[prior0p25_seed0_SMALL_100x50] step=657 loss=0.6182 steps_s=0.36
[prior0p25_seed0_SMALL_100x50] step=658 loss=0.5847 steps_s=0.36
[prior0p25_seed0_SMALL_100x50] step=659 loss=0.6191 steps_s=0.36
[prior0p25_seed0_SMALL_100x50] step=660 loss=0.5667 steps_s=0.36
Traceback (most recent call last):
  File "C:\Users\ayush\OneDrive\Desktop\Theatre\Guido\Projects\TFM2.0\domainprior\train\pretrain.py", line 170, in <module>
    main()
  File "C:\Users\ayush\OneDrive\Desktop\Theatre\Guido\Projects\TFM2.0\domainprior\train\pretrain.py", line 139, in main
    scaler.scale(loss).backward()
  File "C:\Users\ayush\OneDrive\Desktop\Theatre\Guido\Projects\TFM\.venv\Lib\site-packages\torch\_tensor.py", line 623, in backward
    torch.autograd.backward(
  File "C:\Users\ayush\OneDrive\Desktop\Theatre\Guido\Projects\TFM\.venv\Lib\site-packages\torch\autograd\__init__.py", line 395, in backward
    _engine_run_backward(
  File "C:\Users\ayush\OneDrive\Desktop\Theatre\Guido\Projects\TFM\.venv\Lib\site-packages\torch\autograd\graph.py", line 1072, in _engine_run_backward
    return Variable._execution_engine.run_backward(  # Calls into the C++ engine to run the backward pass
           ^^^^^^^^^^^^^^^^^^^^^^^^^^^^^^^^^^^^^^^^^^^^^^^^^^^^^^^^^^^^^^^^^^^^^^^^^^^^^^^^^^^^^^^^^^^^^^
RuntimeError: CUDA error: CUBLAS_STATUS_EXECUTION_FAILED when calling `cublasGemmEx( handle, opa, opb, m, n, k, alpha_ptr, a, CUDA_R_16F, lda, b, CUDA_R_16F, ldb, beta_ptr, c, std::is_same_v<C_Dtype, float> ? CUDA_R_32F : CUDA_R_16F, ldc, compute_type, CUBLAS_GEMM_DEFAULT_TENSOR_OP)`
=== prior0p25_seed0_SMALL_100x50 exit=1 hours=0.37 ===
MALL_100x50] step=617 loss=0.5501 steps_s=0.5
[prior0p25_seed0_SMALL_100x50] step=618 loss=0.5618 steps_s=0.5
[prior0p25_seed0_SMALL_100x50] step=619 loss=0.6144 steps_s=0.5
[prior0p25_seed0_SMALL_100x50] step=620 loss=0.589 steps_s=0.5
[prior0p25_seed0_SMALL_100x50] step=621 loss=0.5857 steps_s=0.5
[prior0p25_seed0_SMALL_100x50] step=622 loss=0.584 steps_s=0.5
[prior0p25_seed0_SMALL_100x50] step=623 loss=0.5751 steps_s=0.5
[prior0p25_seed0_SMALL_100x50] step=624 loss=0.5926 steps_s=0.5
[prior0p25_seed0_SMALL_100x50] step=625 loss=0.5679 steps_s=0.5
[prior0p25_seed0_SMALL_100x50] step=626 loss=0.6003 steps_s=0.5
[prior0p25_seed0_SMALL_100x50] step=627 loss=0.5751 steps_s=0.5
[prior0p25_seed0_SMALL_100x50] step=628 loss=0.5738 steps_s=0.5
[prior0p25_seed0_SMALL_100x50] step=629 loss=0.5816 steps_s=0.5
[prior0p25_seed0_SMALL_100x50] step=630 loss=0.5431 steps_s=0.5
[prior0p25_seed0_SMALL_100x50] step=631 loss=0.5657 steps_s=0.5
[prior0p25_seed0_SMALL_100x50] step=632 loss=0.5677 steps_s=0.5
[prior0p25_seed0_SMALL_100x50] step=633 loss=0.5684 steps_s=0.5
[prior0p25_seed0_SMALL_100x50] step=634 loss=0.5652 steps_s=0.5
[prior0p25_seed0_SMALL_100x50] step=635 loss=0.6311 steps_s=0.5
[prior0p25_seed0_SMALL_100x50] step=636 loss=0.5794 steps_s=0.5
[prior0p25_seed0_SMALL_100x50] step=637 loss=0.5462 steps_s=0.5
[prior0p25_seed0_SMALL_100x50] step=638 loss=0.5802 steps_s=0.5
[prior0p25_seed0_SMALL_100x50] step=639 loss=0.5795 steps_s=0.5
[prior0p25_seed0_SMALL_100x50] step=640 loss=0.5537 steps_s=0.5
[prior0p25_seed0_SMALL_100x50] step=641 loss=0.5957 steps_s=0.5
[prior0p25_seed0_SMALL_100x50] step=642 loss=0.5603 steps_s=0.5
[prior0p25_seed0_SMALL_100x50] step=643 loss=0.5678 steps_s=0.5
[prior0p25_seed0_SMALL_100x50] step=644 loss=0.5802 steps_s=0.5
[prior0p25_seed0_SMALL_100x50] step=645 loss=0.5593 steps_s=0.5
[prior0p25_seed0_SMALL_100x50] step=646 loss=0.5584 steps_s=0.5
[prior0p25_seed0_SMALL_100x50] step=647 loss=0.5598 steps_s=0.5
[prior0p25_seed0_SMALL_100x50] step=648 loss=0.6124 steps_s=0.5
[prior0p25_seed0_SMALL_100x50] step=649 loss=0.5383 steps_s=0.5
[prior0p25_seed0_SMALL_100x50] step=650 loss=0.5791 steps_s=0.5
[prior0p25_seed0_SMALL_100x50] step=651 loss=0.4921 steps_s=0.5
[prior0p25_seed0_SMALL_100x50] step=652 loss=0.6451 steps_s=0.5
[prior0p25_seed0_SMALL_100x50] step=653 loss=0.5487 steps_s=0.5
[prior0p25_seed0_SMALL_100x50] step=654 loss=0.5622 steps_s=0.5
[prior0p25_seed0_SMALL_100x50] step=655 loss=0.5514 steps_s=0.5
[prior0p25_seed0_SMALL_100x50] step=656 loss=0.5721 steps_s=0.5
[prior0p25_seed0_SMALL_100x50] step=657 loss=0.6182 steps_s=0.5
[prior0p25_seed0_SMALL_100x50] step=658 loss=0.5847 steps_s=0.5
[prior0p25_seed0_SMALL_100x50] step=659 loss=0.6191 steps_s=0.5
[prior0p25_seed0_SMALL_100x50] step=660 loss=0.5667 steps_s=0.5
Traceback (most recent call last):
  File "C:\Users\ayush\OneDrive\Desktop\Theatre\Guido\Projects\TFM2.0\domainprior\train\pretrain.py", line 170, in <module>
    main()
  File "C:\Users\ayush\OneDrive\Desktop\Theatre\Guido\Projects\TFM2.0\domainprior\train\pretrain.py", line 139, in main
    scaler.scale(loss).backward()
  File "C:\Users\ayush\OneDrive\Desktop\Theatre\Guido\Projects\TFM\.venv\Lib\site-packages\torch\_tensor.py", line 623, in backward
    torch.autograd.backward(
  File "C:\Users\ayush\OneDrive\Desktop\Theatre\Guido\Projects\TFM\.venv\Lib\site-packages\torch\autograd\__init__.py", line 395, in backward
    _engine_run_backward(
  File "C:\Users\ayush\OneDrive\Desktop\Theatre\Guido\Projects\TFM\.venv\Lib\site-packages\torch\autograd\graph.py", line 1072, in _engine_run_backward
    return Variable._execution_engine.run_backward(  # Calls into the C++ engine to run the backward pass
           ^^^^^^^^^^^^^^^^^^^^^^^^^^^^^^^^^^^^^^^^^^^^^^^^^^^^^^^^^^^^^^^^^^^^^^^^^^^^^^^^^^^^^^^^^^^^^^
torch.AcceleratorError: CUDA error: out of memory
Search for `cudaErrorMemoryAllocation' in https://docs.nvidia.com/cuda/cuda-runtime-api/group__CUDART__TYPES.html for more information.

=== prior0p25_seed1_SMALL_100x50 exit=0 hours=2.75 ===
50] step=2444 loss=0.5719 steps_s=0.25
[prior0p25_seed1_SMALL_100x50] step=2445 loss=0.5803 steps_s=0.25
[prior0p25_seed1_SMALL_100x50] step=2446 loss=0.5527 steps_s=0.25
[prior0p25_seed1_SMALL_100x50] step=2447 loss=0.5598 steps_s=0.25
[prior0p25_seed1_SMALL_100x50] step=2448 loss=0.5577 steps_s=0.25
[prior0p25_seed1_SMALL_100x50] step=2449 loss=0.5834 steps_s=0.25
[prior0p25_seed1_SMALL_100x50] step=2450 loss=0.61 steps_s=0.25
[prior0p25_seed1_SMALL_100x50] step=2451 loss=0.5983 steps_s=0.25
[prior0p25_seed1_SMALL_100x50] step=2452 loss=0.6185 steps_s=0.25
[prior0p25_seed1_SMALL_100x50] step=2453 loss=0.5887 steps_s=0.25
[prior0p25_seed1_SMALL_100x50] step=2454 loss=0.5339 steps_s=0.25
[prior0p25_seed1_SMALL_100x50] step=2455 loss=0.5449 steps_s=0.25
[prior0p25_seed1_SMALL_100x50] step=2456 loss=0.6107 steps_s=0.25
[prior0p25_seed1_SMALL_100x50] step=2457 loss=0.5731 steps_s=0.25
[prior0p25_seed1_SMALL_100x50] step=2458 loss=0.5564 steps_s=0.25
[prior0p25_seed1_SMALL_100x50] step=2459 loss=0.5947 steps_s=0.25
[prior0p25_seed1_SMALL_100x50] step=2460 loss=0.5435 steps_s=0.25
[prior0p25_seed1_SMALL_100x50] step=2461 loss=0.5732 steps_s=0.25
[prior0p25_seed1_SMALL_100x50] step=2462 loss=0.5739 steps_s=0.25
[prior0p25_seed1_SMALL_100x50] step=2463 loss=0.5908 steps_s=0.25
[prior0p25_seed1_SMALL_100x50] step=2464 loss=0.5628 steps_s=0.25
[prior0p25_seed1_SMALL_100x50] step=2465 loss=0.5579 steps_s=0.25
[prior0p25_seed1_SMALL_100x50] step=2466 loss=0.5359 steps_s=0.25
[prior0p25_seed1_SMALL_100x50] step=2467 loss=0.6404 steps_s=0.25
[prior0p25_seed1_SMALL_100x50] step=2468 loss=0.5515 steps_s=0.25
[prior0p25_seed1_SMALL_100x50] step=2469 loss=0.5777 steps_s=0.25
[prior0p25_seed1_SMALL_100x50] step=2470 loss=0.5867 steps_s=0.25
[prior0p25_seed1_SMALL_100x50] step=2471 loss=0.5564 steps_s=0.25
[prior0p25_seed1_SMALL_100x50] step=2472 loss=0.537 steps_s=0.25
[prior0p25_seed1_SMALL_100x50] step=2473 loss=0.5406 steps_s=0.25
[prior0p25_seed1_SMALL_100x50] step=2474 loss=0.5658 steps_s=0.25
[prior0p25_seed1_SMALL_100x50] step=2475 loss=0.6078 steps_s=0.25
[prior0p25_seed1_SMALL_100x50] step=2476 loss=0.5679 steps_s=0.25
[prior0p25_seed1_SMALL_100x50] step=2477 loss=0.5565 steps_s=0.25
[prior0p25_seed1_SMALL_100x50] step=2478 loss=0.6498 steps_s=0.25
[prior0p25_seed1_SMALL_100x50] step=2479 loss=0.5566 steps_s=0.25
[prior0p25_seed1_SMALL_100x50] step=2480 loss=0.5814 steps_s=0.25
[prior0p25_seed1_SMALL_100x50] step=2481 loss=0.5469 steps_s=0.25
[prior0p25_seed1_SMALL_100x50] step=2482 loss=0.5782 steps_s=0.25
[prior0p25_seed1_SMALL_100x50] step=2483 loss=0.6186 steps_s=0.25
[prior0p25_seed1_SMALL_100x50] step=2484 loss=0.5765 steps_s=0.25
[prior0p25_seed1_SMALL_100x50] step=2485 loss=0.5411 steps_s=0.25
[prior0p25_seed1_SMALL_100x50] step=2486 loss=0.5679 steps_s=0.25
[prior0p25_seed1_SMALL_100x50] step=2487 loss=0.5894 steps_s=0.25
[prior0p25_seed1_SMALL_100x50] step=2488 loss=0.6001 steps_s=0.25
[prior0p25_seed1_SMALL_100x50] step=2489 loss=0.5776 steps_s=0.25
[prior0p25_seed1_SMALL_100x50] step=2490 loss=0.5409 steps_s=0.25
[prior0p25_seed1_SMALL_100x50] step=2491 loss=0.558 steps_s=0.25
[prior0p25_seed1_SMALL_100x50] step=2492 loss=0.5572 steps_s=0.25
[prior0p25_seed1_SMALL_100x50] step=2493 loss=0.5873 steps_s=0.25
[prior0p25_seed1_SMALL_100x50] step=2494 loss=0.536 steps_s=0.25
[prior0p25_seed1_SMALL_100x50] step=2495 loss=0.552 steps_s=0.25
[prior0p25_seed1_SMALL_100x50] step=2496 loss=0.5569 steps_s=0.25
[prior0p25_seed1_SMALL_100x50] step=2497 loss=0.5629 steps_s=0.25
[prior0p25_seed1_SMALL_100x50] step=2498 loss=0.5561 steps_s=0.25
[prior0p25_seed1_SMALL_100x50] step=2499 loss=0.5346 steps_s=0.25
[prior0p25_seed1_SMALL_100x50] step=2500 loss=0.5206 steps_s=0.25
[prior0p25_seed1_SMALL_100x50] step=2500 dev={'australian_credit': {'log_loss': 0.7659, 'roc_auc': 0.4979}, 'credit_approval': {'log_loss': 0.8805, 'roc_auc': 0.494}, 'polish_bankruptcy': {'log_loss': 0.3438, 'roc_auc': 0.5161}} ckpt=2500
[prior0p25_seed1_SMALL_100x50] 
=== prior0p25_seed2_SMALL_100x50 exit=0 hours=49.06 ===
0] step=2444 loss=0.5833 steps_s=0.01
[prior0p25_seed2_SMALL_100x50] step=2445 loss=0.6015 steps_s=0.01
[prior0p25_seed2_SMALL_100x50] step=2446 loss=0.5455 steps_s=0.01
[prior0p25_seed2_SMALL_100x50] step=2447 loss=0.5927 steps_s=0.01
[prior0p25_seed2_SMALL_100x50] step=2448 loss=0.5635 steps_s=0.01
[prior0p25_seed2_SMALL_100x50] step=2449 loss=0.5809 steps_s=0.01
[prior0p25_seed2_SMALL_100x50] step=2450 loss=0.5681 steps_s=0.01
[prior0p25_seed2_SMALL_100x50] step=2451 loss=0.5469 steps_s=0.01
[prior0p25_seed2_SMALL_100x50] step=2452 loss=0.5757 steps_s=0.01
[prior0p25_seed2_SMALL_100x50] step=2453 loss=0.5751 steps_s=0.01
[prior0p25_seed2_SMALL_100x50] step=2454 loss=0.6199 steps_s=0.01
[prior0p25_seed2_SMALL_100x50] step=2455 loss=0.5787 steps_s=0.01
[prior0p25_seed2_SMALL_100x50] step=2456 loss=0.5764 steps_s=0.01
[prior0p25_seed2_SMALL_100x50] step=2457 loss=0.584 steps_s=0.01
[prior0p25_seed2_SMALL_100x50] step=2458 loss=0.5783 steps_s=0.01
[prior0p25_seed2_SMALL_100x50] step=2459 loss=0.5209 steps_s=0.01
[prior0p25_seed2_SMALL_100x50] step=2460 loss=0.5785 steps_s=0.01
[prior0p25_seed2_SMALL_100x50] step=2461 loss=0.5659 steps_s=0.01
[prior0p25_seed2_SMALL_100x50] step=2462 loss=0.5842 steps_s=0.01
[prior0p25_seed2_SMALL_100x50] step=2463 loss=0.5633 steps_s=0.01
[prior0p25_seed2_SMALL_100x50] step=2464 loss=0.5455 steps_s=0.01
[prior0p25_seed2_SMALL_100x50] step=2465 loss=0.5382 steps_s=0.01
[prior0p25_seed2_SMALL_100x50] step=2466 loss=0.5774 steps_s=0.01
[prior0p25_seed2_SMALL_100x50] step=2467 loss=0.5977 steps_s=0.01
[prior0p25_seed2_SMALL_100x50] step=2468 loss=0.6177 steps_s=0.01
[prior0p25_seed2_SMALL_100x50] step=2469 loss=0.5845 steps_s=0.01
[prior0p25_seed2_SMALL_100x50] step=2470 loss=0.5422 steps_s=0.01
[prior0p25_seed2_SMALL_100x50] step=2471 loss=0.5534 steps_s=0.01
[prior0p25_seed2_SMALL_100x50] step=2472 loss=0.5697 steps_s=0.01
[prior0p25_seed2_SMALL_100x50] step=2473 loss=0.5364 steps_s=0.01
[prior0p25_seed2_SMALL_100x50] step=2474 loss=0.561 steps_s=0.01
[prior0p25_seed2_SMALL_100x50] step=2475 loss=0.6039 steps_s=0.01
[prior0p25_seed2_SMALL_100x50] step=2476 loss=0.5784 steps_s=0.01
[prior0p25_seed2_SMALL_100x50] step=2477 loss=0.5789 steps_s=0.01
[prior0p25_seed2_SMALL_100x50] step=2478 loss=0.558 steps_s=0.01
[prior0p25_seed2_SMALL_100x50] step=2479 loss=0.6121 steps_s=0.01
[prior0p25_seed2_SMALL_100x50] step=2480 loss=0.5449 steps_s=0.01
[prior0p25_seed2_SMALL_100x50] step=2481 loss=0.5811 steps_s=0.01
[prior0p25_seed2_SMALL_100x50] step=2482 loss=0.543 steps_s=0.01
[prior0p25_seed2_SMALL_100x50] step=2483 loss=0.5772 steps_s=0.01
[prior0p25_seed2_SMALL_100x50] step=2484 loss=0.6138 steps_s=0.01
[prior0p25_seed2_SMALL_100x50] step=2485 loss=0.5905 steps_s=0.01
[prior0p25_seed2_SMALL_100x50] step=2486 loss=0.6025 steps_s=0.01
[prior0p25_seed2_SMALL_100x50] step=2487 loss=0.6214 steps_s=0.01
[prior0p25_seed2_SMALL_100x50] step=2488 loss=0.5527 steps_s=0.01
[prior0p25_seed2_SMALL_100x50] step=2489 loss=0.627 steps_s=0.01
[prior0p25_seed2_SMALL_100x50] step=2490 loss=0.5732 steps_s=0.01
[prior0p25_seed2_SMALL_100x50] step=2491 loss=0.5383 steps_s=0.01
[prior0p25_seed2_SMALL_100x50] step=2492 loss=0.5845 steps_s=0.01
[prior0p25_seed2_SMALL_100x50] step=2493 loss=0.5346 steps_s=0.01
[prior0p25_seed2_SMALL_100x50] step=2494 loss=0.5336 steps_s=0.01
[prior0p25_seed2_SMALL_100x50] step=2495 loss=0.596 steps_s=0.01
[prior0p25_seed2_SMALL_100x50] step=2496 loss=0.6014 steps_s=0.01
[prior0p25_seed2_SMALL_100x50] step=2497 loss=0.5647 steps_s=0.01
[prior0p25_seed2_SMALL_100x50] step=2498 loss=0.5548 steps_s=0.01
[prior0p25_seed2_SMALL_100x50] step=2499 loss=0.5717 steps_s=0.01
[prior0p25_seed2_SMALL_100x50] step=2500 loss=0.5646 steps_s=0.01
[prior0p25_seed2_SMALL_100x50] step=2500 dev={'australian_credit': {'log_loss': 0.7657, 'roc_auc': 0.4399}, 'credit_approval': {'log_loss': 0.8803, 'roc_auc': 0.5208}, 'polish_bankruptcy': {'log_loss': 0.3439, 'roc_auc': 0.4702}} ckpt=2500
[prior0p25_seed2_SMALL_100x50] 
=== prior0p5_seed0_SMALL_100x50 exit=0 hours=24.17 ===
 step=2443 loss=0.5393 steps_s=0.33
[prior0p5_seed0_SMALL_100x50] step=2444 loss=0.5625 steps_s=0.33
[prior0p5_seed0_SMALL_100x50] step=2445 loss=0.5246 steps_s=0.33
[prior0p5_seed0_SMALL_100x50] step=2446 loss=0.567 steps_s=0.33
[prior0p5_seed0_SMALL_100x50] step=2447 loss=0.5393 steps_s=0.33
[prior0p5_seed0_SMALL_100x50] step=2448 loss=0.5422 steps_s=0.33
[prior0p5_seed0_SMALL_100x50] step=2449 loss=0.5658 steps_s=0.33
[prior0p5_seed0_SMALL_100x50] step=2450 loss=0.5649 steps_s=0.33
[prior0p5_seed0_SMALL_100x50] step=2451 loss=0.5639 steps_s=0.33
[prior0p5_seed0_SMALL_100x50] step=2452 loss=0.5419 steps_s=0.33
[prior0p5_seed0_SMALL_100x50] step=2453 loss=0.5403 steps_s=0.33
[prior0p5_seed0_SMALL_100x50] step=2454 loss=0.5322 steps_s=0.33
[prior0p5_seed0_SMALL_100x50] step=2455 loss=0.5703 steps_s=0.33
[prior0p5_seed0_SMALL_100x50] step=2456 loss=0.5316 steps_s=0.33
[prior0p5_seed0_SMALL_100x50] step=2457 loss=0.54 steps_s=0.33
[prior0p5_seed0_SMALL_100x50] step=2458 loss=0.5901 steps_s=0.33
[prior0p5_seed0_SMALL_100x50] step=2459 loss=0.6045 steps_s=0.33
[prior0p5_seed0_SMALL_100x50] step=2460 loss=0.567 steps_s=0.33
[prior0p5_seed0_SMALL_100x50] step=2461 loss=0.574 steps_s=0.33
[prior0p5_seed0_SMALL_100x50] step=2462 loss=0.5759 steps_s=0.33
[prior0p5_seed0_SMALL_100x50] step=2463 loss=0.5163 steps_s=0.33
[prior0p5_seed0_SMALL_100x50] step=2464 loss=0.5205 steps_s=0.33
[prior0p5_seed0_SMALL_100x50] step=2465 loss=0.5352 steps_s=0.33
[prior0p5_seed0_SMALL_100x50] step=2466 loss=0.6177 steps_s=0.33
[prior0p5_seed0_SMALL_100x50] step=2467 loss=0.5767 steps_s=0.33
[prior0p5_seed0_SMALL_100x50] step=2468 loss=0.5984 steps_s=0.33
[prior0p5_seed0_SMALL_100x50] step=2469 loss=0.5544 steps_s=0.33
[prior0p5_seed0_SMALL_100x50] step=2470 loss=0.5699 steps_s=0.33
[prior0p5_seed0_SMALL_100x50] step=2471 loss=0.5563 steps_s=0.33
[prior0p5_seed0_SMALL_100x50] step=2472 loss=0.5373 steps_s=0.33
[prior0p5_seed0_SMALL_100x50] step=2473 loss=0.5193 steps_s=0.33
[prior0p5_seed0_SMALL_100x50] step=2474 loss=0.597 steps_s=0.33
[prior0p5_seed0_SMALL_100x50] step=2475 loss=0.5691 steps_s=0.33
[prior0p5_seed0_SMALL_100x50] step=2476 loss=0.6201 steps_s=0.33
[prior0p5_seed0_SMALL_100x50] step=2477 loss=0.5424 steps_s=0.33
[prior0p5_seed0_SMALL_100x50] step=2478 loss=0.5437 steps_s=0.33
[prior0p5_seed0_SMALL_100x50] step=2479 loss=0.5712 steps_s=0.33
[prior0p5_seed0_SMALL_100x50] step=2480 loss=0.5684 steps_s=0.33
[prior0p5_seed0_SMALL_100x50] step=2481 loss=0.5928 steps_s=0.33
[prior0p5_seed0_SMALL_100x50] step=2482 loss=0.5577 steps_s=0.33
[prior0p5_seed0_SMALL_100x50] step=2483 loss=0.5137 steps_s=0.33
[prior0p5_seed0_SMALL_100x50] step=2484 loss=0.6017 steps_s=0.03
[prior0p5_seed0_SMALL_100x50] step=2485 loss=0.6314 steps_s=0.03
[prior0p5_seed0_SMALL_100x50] step=2486 loss=0.5343 steps_s=0.03
[prior0p5_seed0_SMALL_100x50] step=2487 loss=0.5198 steps_s=0.03
[prior0p5_seed0_SMALL_100x50] step=2488 loss=0.5464 steps_s=0.03
[prior0p5_seed0_SMALL_100x50] step=2489 loss=0.514 steps_s=0.03
[prior0p5_seed0_SMALL_100x50] step=2490 loss=0.5962 steps_s=0.03
[prior0p5_seed0_SMALL_100x50] step=2491 loss=0.5632 steps_s=0.03
[prior0p5_seed0_SMALL_100x50] step=2492 loss=0.5602 steps_s=0.03
[prior0p5_seed0_SMALL_100x50] step=2493 loss=0.584 steps_s=0.03
[prior0p5_seed0_SMALL_100x50] step=2494 loss=0.5684 steps_s=0.03
[prior0p5_seed0_SMALL_100x50] step=2495 loss=0.5554 steps_s=0.03
[prior0p5_seed0_SMALL_100x50] step=2496 loss=0.5972 steps_s=0.03
[prior0p5_seed0_SMALL_100x50] step=2497 loss=0.6049 steps_s=0.03
[prior0p5_seed0_SMALL_100x50] step=2498 loss=0.5537 steps_s=0.03
[prior0p5_seed0_SMALL_100x50] step=2499 loss=0.5369 steps_s=0.03
[prior0p5_seed0_SMALL_100x50] step=2500 loss=0.5399 steps_s=0.03
[prior0p5_seed0_SMALL_100x50] step=2500 dev={'australian_credit': {'log_loss': 0.7781, 'roc_auc': 0.509}, 'credit_approval': {'log_loss': 0.8999, 'roc_auc': 0.4883}, 'polish_bankruptcy': {'log_loss': 0.33, 'roc_auc': 0.5026}} ckpt=2500
[prior0p5_seed0_SMALL_100x50] 
